2025-04-04 10:28:21.702294 - Received CBT.V508.FILE484.PDS from FILE484.XMI 
2025-04-04 10:28:21.703146 - Found $CACHDOC.txt (text/plain) in CBT.V508.FILE484.PDS, moved to PDS/$CACHDOC
2025-04-04 10:28:21.703322 - Found $CACHINF.txt (text/plain) in CBT.V508.FILE484.PDS, moved to PDS/$CACHINF
2025-04-04 10:28:21.703465 - Found $RECEIVE.jcl (text/plain) in CBT.V508.FILE484.PDS, moved to PDS/$RECEIVE
2025-04-04 10:28:21.703593 - Found $RECEIV1.jcl (text/plain) in CBT.V508.FILE484.PDS, moved to PDS/$RECEIV1
2025-04-04 10:28:21.703726 - Found @FILE484.txt (text/plain) in CBT.V508.FILE484.PDS, moved to PDS/@FILE484
2025-04-04 10:28:21.703873 - Found ASM.xmi (application/xmit) in CBT.V508.FILE484.PDS, moved to PDS/ASM.xmi
2025-04-04 10:28:21.811008 - Received CEB40.V24.ACU.ASM from ASM.xmi 
2025-04-04 10:28:21.811800 - Found $INDEX.txt (text/plain) in CEB40.V24.ACU.ASM, moved to ASM/$INDEX
2025-04-04 10:28:21.811959 - Found ASMCASH.jcl (text/plain) in CEB40.V24.ACU.ASM, moved to ASM/ASMCASH
2025-04-04 10:28:21.812096 - Found ASMDEV.jcl (text/plain) in CEB40.V24.ACU.ASM, moved to ASM/ASMDEV
2025-04-04 10:28:21.812235 - Found ASMSLEEP.jcl (text/plain) in CEB40.V24.ACU.ASM, moved to ASM/ASMSLEEP
2025-04-04 10:28:21.812356 - Found ASMSTAT.jcl (text/plain) in CEB40.V24.ACU.ASM, moved to ASM/ASMSTAT
2025-04-04 10:28:21.812480 - Found CACHSTAT.txt (text/plain) in CEB40.V24.ACU.ASM, moved to ASM/CACHSTAT
2025-04-04 10:28:21.812598 - Found CASHMAN.txt (text/plain) in CEB40.V24.ACU.ASM, moved to ASM/CASHMAN
2025-04-04 10:28:21.812718 - Found DEVTYPE.txt (text/plain) in CEB40.V24.ACU.ASM, moved to ASM/DEVTYPE
2025-04-04 10:28:21.812839 - Found DEVTYPEO.txt (text/plain) in CEB40.V24.ACU.ASM, moved to ASM/DEVTYPEO
2025-04-04 10:28:21.812957 - Found IEFU84.jcl (text/plain) in CEB40.V24.ACU.ASM, moved to ASM/IEFU84
2025-04-04 10:28:21.813078 - Found SLEEP.txt (text/plain) in CEB40.V24.ACU.ASM, moved to ASM/SLEEP
2025-04-04 10:28:21.813744 - Found EXEC.xmi (application/xmit) in CBT.V508.FILE484.PDS, moved to PDS/EXEC.xmi
2025-04-04 10:28:21.953710 - Received CEB40.V24.ACU.EXEC from EXEC.xmi 
2025-04-04 10:28:21.954442 - Found CACHEDUP.rexx (text/plain) in CEB40.V24.ACU.EXEC, moved to EXEC/CACHEDUP
2025-04-04 10:28:21.954589 - Found CACHEGRP.rexx (text/plain) in CEB40.V24.ACU.EXEC, moved to EXEC/CACHEGRP
2025-04-04 10:28:21.954732 - Found CACHEMAN.rexx (text/plain) in CEB40.V24.ACU.EXEC, moved to EXEC/CACHEMAN
2025-04-04 10:28:21.954868 - Found CACHEMN0.rexx (text/plain) in CEB40.V24.ACU.EXEC, moved to EXEC/CACHEMN0
2025-04-04 10:28:21.955008 - Found CACHEMN1.rexx (text/plain) in CEB40.V24.ACU.EXEC, moved to EXEC/CACHEMN1
2025-04-04 10:28:21.955132 - Found CACHPERF.rexx (text/plain) in CEB40.V24.ACU.EXEC, moved to EXEC/CACHPERF
2025-04-04 10:28:21.955259 - Found CACHXCPT.rexx (text/plain) in CEB40.V24.ACU.EXEC, moved to EXEC/CACHXCPT
2025-04-04 10:28:21.955384 - Found COMPILE.jcl (text/plain) in CEB40.V24.ACU.EXEC, moved to EXEC/COMPILE
2025-04-04 10:28:21.955500 - Found COMPMN1.jcl (text/plain) in CEB40.V24.ACU.EXEC, moved to EXEC/COMPMN1
2025-04-04 10:28:21.955623 - Found IEFU84.jcl (text/plain) in CEB40.V24.ACU.EXEC, moved to EXEC/IEFU84
2025-04-04 10:28:21.956202 - Found ISPLLIB.xmi (application/xmit) in CBT.V508.FILE484.PDS, moved to PDS/ISPLLIB.xmi
2025-04-04 10:28:21.963841 - Received CEB40.V24.ACU.ISPLLIB from ISPLLIB.xmi 
2025-04-04 10:28:21.964233 - Found CACHSTAT.bin (application/octet-stream) in CEB40.V24.ACU.ISPLLIB, moved to ISPLLIB/CACHSTAT
2025-04-04 10:28:21.964358 - Found CASHMAN.bin (application/octet-stream) in CEB40.V24.ACU.ISPLLIB, moved to ISPLLIB/CASHMAN
2025-04-04 10:28:21.964482 - Found DEVTYPE.bin (application/octet-stream) in CEB40.V24.ACU.ISPLLIB, moved to ISPLLIB/DEVTYPE
2025-04-04 10:28:21.964611 - Found SLEEP.bin (application/octet-stream) in CEB40.V24.ACU.ISPLLIB, moved to ISPLLIB/SLEEP
2025-04-04 10:28:21.964954 - Found ISPMLIB.xmi (application/xmit) in CBT.V508.FILE484.PDS, moved to PDS/ISPMLIB.xmi
2025-04-04 10:28:22.000214 - Received CEB40.V24.ACU.ISPMLIB from ISPMLIB.xmi 
2025-04-04 10:28:22.000736 - Found CSHM00.txt (text/plain) in CEB40.V24.ACU.ISPMLIB, moved to ISPMLIB/CSHM00
2025-04-04 10:28:22.000891 - Found CSHM01.txt (text/plain) in CEB40.V24.ACU.ISPMLIB, moved to ISPMLIB/CSHM01
2025-04-04 10:28:22.001025 - Found CSHM02.txt (text/plain) in CEB40.V24.ACU.ISPMLIB, moved to ISPMLIB/CSHM02
2025-04-04 10:28:22.001155 - Found CSHM03.txt (text/plain) in CEB40.V24.ACU.ISPMLIB, moved to ISPMLIB/CSHM03
2025-04-04 10:28:22.001547 - Found ISPPLIB.xmi (application/xmit) in CBT.V508.FILE484.PDS, moved to PDS/ISPPLIB.xmi
2025-04-04 10:28:22.564545 - Received CEB40.V24.ACU.ISPPLIB from ISPPLIB.xmi 
2025-04-04 10:28:22.567010 - Found CSHDSTG.txt (text/plain) in CEB40.V24.ACU.ISPPLIB, moved to ISPPLIB/CSHDSTG
2025-04-04 10:28:22.567162 - Found CSHERRP.txt (text/plain) in CEB40.V24.ACU.ISPPLIB, moved to ISPPLIB/CSHERRP
2025-04-04 10:28:22.567299 - Found CSHGRPL.txt (text/plain) in CEB40.V24.ACU.ISPPLIB, moved to ISPPLIB/CSHGRPL
2025-04-04 10:28:22.567438 - Found CSHHMAN1.txt (text/plain) in CEB40.V24.ACU.ISPPLIB, moved to ISPPLIB/CSHHMAN1
2025-04-04 10:28:22.567564 - Found CSHHMAN2.txt (text/plain) in CEB40.V24.ACU.ISPPLIB, moved to ISPPLIB/CSHHMAN2
2025-04-04 10:28:22.567684 - Found CSHHMAN3.txt (text/plain) in CEB40.V24.ACU.ISPPLIB, moved to ISPPLIB/CSHHMAN3
2025-04-04 10:28:22.567806 - Found CSHHMAN4.txt (text/plain) in CEB40.V24.ACU.ISPPLIB, moved to ISPPLIB/CSHHMAN4
2025-04-04 10:28:22.567929 - Found CSHHMAN5.txt (text/plain) in CEB40.V24.ACU.ISPPLIB, moved to ISPPLIB/CSHHMAN5
2025-04-04 10:28:22.568049 - Found CSHHMAN6.txt (text/plain) in CEB40.V24.ACU.ISPPLIB, moved to ISPPLIB/CSHHMAN6
2025-04-04 10:28:22.568169 - Found CSHHMAN7.txt (text/plain) in CEB40.V24.ACU.ISPPLIB, moved to ISPPLIB/CSHHMAN7
2025-04-04 10:28:22.568287 - Found CSHHMAN8.txt (text/plain) in CEB40.V24.ACU.ISPPLIB, moved to ISPPLIB/CSHHMAN8
2025-04-04 10:28:22.568409 - Found CSHHMAN9.txt (text/plain) in CEB40.V24.ACU.ISPPLIB, moved to ISPPLIB/CSHHMAN9
2025-04-04 10:28:22.568525 - Found CSHHMN11.txt (text/plain) in CEB40.V24.ACU.ISPPLIB, moved to ISPPLIB/CSHHMN11
2025-04-04 10:28:22.568636 - Found CSHHMN12.txt (text/plain) in CEB40.V24.ACU.ISPPLIB, moved to ISPPLIB/CSHHMN12
2025-04-04 10:28:22.568752 - Found CSHHOPT.txt (text/plain) in CEB40.V24.ACU.ISPPLIB, moved to ISPPLIB/CSHHOPT
2025-04-04 10:28:22.568879 - Found CSHHPERF.txt (text/plain) in CEB40.V24.ACU.ISPPLIB, moved to ISPPLIB/CSHHPERF
2025-04-04 10:28:22.569004 - Found CSHH100.txt (text/plain) in CEB40.V24.ACU.ISPPLIB, moved to ISPPLIB/CSHH100
2025-04-04 10:28:22.569123 - Found CSHH101.txt (text/plain) in CEB40.V24.ACU.ISPPLIB, moved to ISPPLIB/CSHH101
2025-04-04 10:28:22.569239 - Found CSHH102.txt (text/plain) in CEB40.V24.ACU.ISPPLIB, moved to ISPPLIB/CSHH102
2025-04-04 10:28:22.569359 - Found CSHH103.txt (text/plain) in CEB40.V24.ACU.ISPPLIB, moved to ISPPLIB/CSHH103
2025-04-04 10:28:22.569490 - Found CSHH104.txt (text/plain) in CEB40.V24.ACU.ISPPLIB, moved to ISPPLIB/CSHH104
2025-04-04 10:28:22.569607 - Found CSHH105.txt (text/plain) in CEB40.V24.ACU.ISPPLIB, moved to ISPPLIB/CSHH105
2025-04-04 10:28:22.569734 - Found CSHH106.txt (text/plain) in CEB40.V24.ACU.ISPPLIB, moved to ISPPLIB/CSHH106
2025-04-04 10:28:22.569853 - Found CSHH107.txt (text/plain) in CEB40.V24.ACU.ISPPLIB, moved to ISPPLIB/CSHH107
2025-04-04 10:28:22.569974 - Found CSHH108.txt (text/plain) in CEB40.V24.ACU.ISPPLIB, moved to ISPPLIB/CSHH108
2025-04-04 10:28:22.570094 - Found CSHH109.txt (text/plain) in CEB40.V24.ACU.ISPPLIB, moved to ISPPLIB/CSHH109
2025-04-04 10:28:22.570222 - Found CSHH110.txt (text/plain) in CEB40.V24.ACU.ISPPLIB, moved to ISPPLIB/CSHH110
2025-04-04 10:28:22.570359 - Found CSHH111.txt (text/plain) in CEB40.V24.ACU.ISPPLIB, moved to ISPPLIB/CSHH111
2025-04-04 10:28:22.570477 - Found CSHH300.txt (text/plain) in CEB40.V24.ACU.ISPPLIB, moved to ISPPLIB/CSHH300
2025-04-04 10:28:22.570595 - Found CSHH301.txt (text/plain) in CEB40.V24.ACU.ISPPLIB, moved to ISPPLIB/CSHH301
2025-04-04 10:28:22.570714 - Found CSHH302.txt (text/plain) in CEB40.V24.ACU.ISPPLIB, moved to ISPPLIB/CSHH302
2025-04-04 10:28:22.570828 - Found CSHH303.txt (text/plain) in CEB40.V24.ACU.ISPPLIB, moved to ISPPLIB/CSHH303
2025-04-04 10:28:22.570949 - Found CSHH304.txt (text/plain) in CEB40.V24.ACU.ISPPLIB, moved to ISPPLIB/CSHH304
2025-04-04 10:28:22.571082 - Found CSHH305.txt (text/plain) in CEB40.V24.ACU.ISPPLIB, moved to ISPPLIB/CSHH305
2025-04-04 10:28:22.571208 - Found CSHH306.txt (text/plain) in CEB40.V24.ACU.ISPPLIB, moved to ISPPLIB/CSHH306
2025-04-04 10:28:22.571322 - Found CSHH400.txt (text/plain) in CEB40.V24.ACU.ISPPLIB, moved to ISPPLIB/CSHH400
2025-04-04 10:28:22.571436 - Found CSHH401.txt (text/plain) in CEB40.V24.ACU.ISPPLIB, moved to ISPPLIB/CSHH401
2025-04-04 10:28:22.571553 - Found CSHH402.txt (text/plain) in CEB40.V24.ACU.ISPPLIB, moved to ISPPLIB/CSHH402
2025-04-04 10:28:22.571840 - Found CSHH403.txt (text/plain) in CEB40.V24.ACU.ISPPLIB, moved to ISPPLIB/CSHH403
2025-04-04 10:28:22.571960 - Found CSHH404.txt (text/plain) in CEB40.V24.ACU.ISPPLIB, moved to ISPPLIB/CSHH404
2025-04-04 10:28:22.572083 - Found CSHH405.txt (text/plain) in CEB40.V24.ACU.ISPPLIB, moved to ISPPLIB/CSHH405
2025-04-04 10:28:22.572198 - Found CSHH406.txt (text/plain) in CEB40.V24.ACU.ISPPLIB, moved to ISPPLIB/CSHH406
2025-04-04 10:28:22.572329 - Found CSHH407.txt (text/plain) in CEB40.V24.ACU.ISPPLIB, moved to ISPPLIB/CSHH407
2025-04-04 10:28:22.572445 - Found CSHH408.txt (text/plain) in CEB40.V24.ACU.ISPPLIB, moved to ISPPLIB/CSHH408
2025-04-04 10:28:22.572559 - Found CSHH409.txt (text/plain) in CEB40.V24.ACU.ISPPLIB, moved to ISPPLIB/CSHH409
2025-04-04 10:28:22.572687 - Found CSHH410.txt (text/plain) in CEB40.V24.ACU.ISPPLIB, moved to ISPPLIB/CSHH410
2025-04-04 10:28:22.572798 - Found CSHH500.txt (text/plain) in CEB40.V24.ACU.ISPPLIB, moved to ISPPLIB/CSHH500
2025-04-04 10:28:22.572910 - Found CSHH501.txt (text/plain) in CEB40.V24.ACU.ISPPLIB, moved to ISPPLIB/CSHH501
2025-04-04 10:28:22.573027 - Found CSHH502.txt (text/plain) in CEB40.V24.ACU.ISPPLIB, moved to ISPPLIB/CSHH502
2025-04-04 10:28:22.573149 - Found CSHH503.txt (text/plain) in CEB40.V24.ACU.ISPPLIB, moved to ISPPLIB/CSHH503
2025-04-04 10:28:22.573275 - Found CSHH504.txt (text/plain) in CEB40.V24.ACU.ISPPLIB, moved to ISPPLIB/CSHH504
2025-04-04 10:28:22.573389 - Found CSHH505.txt (text/plain) in CEB40.V24.ACU.ISPPLIB, moved to ISPPLIB/CSHH505
2025-04-04 10:28:22.573511 - Found CSHH506.txt (text/plain) in CEB40.V24.ACU.ISPPLIB, moved to ISPPLIB/CSHH506
2025-04-04 10:28:22.573631 - Found CSHH507.txt (text/plain) in CEB40.V24.ACU.ISPPLIB, moved to ISPPLIB/CSHH507
2025-04-04 10:28:22.573744 - Found CSHH508.txt (text/plain) in CEB40.V24.ACU.ISPPLIB, moved to ISPPLIB/CSHH508
2025-04-04 10:28:22.573866 - Found CSHH509.txt (text/plain) in CEB40.V24.ACU.ISPPLIB, moved to ISPPLIB/CSHH509
2025-04-04 10:28:22.573986 - Found CSHH510.txt (text/plain) in CEB40.V24.ACU.ISPPLIB, moved to ISPPLIB/CSHH510
2025-04-04 10:28:22.574102 - Found CSHH511.txt (text/plain) in CEB40.V24.ACU.ISPPLIB, moved to ISPPLIB/CSHH511
2025-04-04 10:28:22.574230 - Found CSHINFO.txt (text/plain) in CEB40.V24.ACU.ISPPLIB, moved to ISPPLIB/CSHINFO
2025-04-04 10:28:22.574343 - Found CSHJCL.txt (text/plain) in CEB40.V24.ACU.ISPPLIB, moved to ISPPLIB/CSHJCL
2025-04-04 10:28:22.574472 - Found CSHJCL01.txt (text/plain) in CEB40.V24.ACU.ISPPLIB, moved to ISPPLIB/CSHJCL01
2025-04-04 10:28:22.574584 - Found CSHMAN1.txt (text/plain) in CEB40.V24.ACU.ISPPLIB, moved to ISPPLIB/CSHMAN1
2025-04-04 10:28:22.574699 - Found CSHMAN2.txt (text/plain) in CEB40.V24.ACU.ISPPLIB, moved to ISPPLIB/CSHMAN2
2025-04-04 10:28:22.574810 - Found CSHMAN3.txt (text/plain) in CEB40.V24.ACU.ISPPLIB, moved to ISPPLIB/CSHMAN3
2025-04-04 10:28:22.574923 - Found CSHMAN4.txt (text/plain) in CEB40.V24.ACU.ISPPLIB, moved to ISPPLIB/CSHMAN4
2025-04-04 10:28:22.575035 - Found CSHMAN5.txt (text/plain) in CEB40.V24.ACU.ISPPLIB, moved to ISPPLIB/CSHMAN5
2025-04-04 10:28:22.575148 - Found CSHMAN6.txt (text/plain) in CEB40.V24.ACU.ISPPLIB, moved to ISPPLIB/CSHMAN6
2025-04-04 10:28:22.575264 - Found CSHMAN7.txt (text/plain) in CEB40.V24.ACU.ISPPLIB, moved to ISPPLIB/CSHMAN7
2025-04-04 10:28:22.575379 - Found CSHMAN8.txt (text/plain) in CEB40.V24.ACU.ISPPLIB, moved to ISPPLIB/CSHMAN8
2025-04-04 10:28:22.575503 - Found CSHMAN9.txt (text/plain) in CEB40.V24.ACU.ISPPLIB, moved to ISPPLIB/CSHMAN9
2025-04-04 10:28:22.575622 - Found CSHOPT.txt (text/plain) in CEB40.V24.ACU.ISPPLIB, moved to ISPPLIB/CSHOPT
2025-04-04 10:28:22.575754 - Found CSHPERF.txt (text/plain) in CEB40.V24.ACU.ISPPLIB, moved to ISPPLIB/CSHPERF
2025-04-04 10:28:22.575874 - Found CSHSETC.txt (text/plain) in CEB40.V24.ACU.ISPPLIB, moved to ISPPLIB/CSHSETC
2025-04-04 10:28:22.575986 - Found CSHWNEW.txt (text/plain) in CEB40.V24.ACU.ISPPLIB, moved to ISPPLIB/CSHWNEW
2025-04-04 10:28:22.578264 - Found ISPSLIB.xmi (application/xmit) in CBT.V508.FILE484.PDS, moved to PDS/ISPSLIB.xmi
2025-04-04 10:28:22.596353 - Received CEB40.V24.ACU.ISPSLIB from ISPSLIB.xmi 
2025-04-04 10:28:22.596770 - Found CSHSKEL1.txt (text/plain) in CEB40.V24.ACU.ISPSLIB, moved to ISPSLIB/CSHSKEL1
2025-04-04 10:28:22.596900 - Found CSHSKEL2.txt (text/plain) in CEB40.V24.ACU.ISPSLIB, moved to ISPSLIB/CSHSKEL2
2025-04-04 10:28:22.597253 - Found MACLIB.xmi (application/xmit) in CBT.V508.FILE484.PDS, moved to PDS/MACLIB.xmi
2025-04-04 10:28:23.032025 - Received CEB40.NEW.MACLIB from MACLIB.xmi 
2025-04-04 10:28:23.033724 - Found ADDPOP.txt (text/plain) in CEB40.NEW.MACLIB, moved to MACLIB/ADDPOP
2025-04-04 10:28:23.033885 - Found ASMLU62.txt (text/plain) in CEB40.NEW.MACLIB, moved to MACLIB/ASMLU62
2025-04-04 10:28:23.034029 - Found ASMLU62D.txt (text/plain) in CEB40.NEW.MACLIB, moved to MACLIB/ASMLU62D
2025-04-04 10:28:23.034163 - Found BROWS.txt (text/plain) in CEB40.NEW.MACLIB, moved to MACLIB/BROWS
2025-04-04 10:28:23.034286 - Found BROWSE.txt (text/plain) in CEB40.NEW.MACLIB, moved to MACLIB/BROWSE
2025-04-04 10:28:23.034411 - Found CBFMT.txt (text/plain) in CEB40.NEW.MACLIB, moved to MACLIB/CBFMT
2025-04-04 10:28:23.034540 - Found CFCOM01.txt (text/plain) in CEB40.NEW.MACLIB, moved to MACLIB/CFCOM01
2025-04-04 10:28:23.034742 - Found CFCOM02.txt (text/plain) in CEB40.NEW.MACLIB, moved to MACLIB/CFCOM02
2025-04-04 10:28:23.034886 - Found CFCOM03.txt (text/plain) in CEB40.NEW.MACLIB, moved to MACLIB/CFCOM03
2025-04-04 10:28:23.035024 - Found CFCOM04.txt (text/plain) in CEB40.NEW.MACLIB, moved to MACLIB/CFCOM04
2025-04-04 10:28:23.035174 - Found CMACCP.txt (text/plain) in CEB40.NEW.MACLIB, moved to MACLIB/CMACCP
2025-04-04 10:28:23.035301 - Found CMALLC.txt (text/plain) in CEB40.NEW.MACLIB, moved to MACLIB/CMALLC
2025-04-04 10:28:23.035420 - Found CMDEAL.txt (text/plain) in CEB40.NEW.MACLIB, moved to MACLIB/CMDEAL
2025-04-04 10:28:23.035551 - Found CMECS.txt (text/plain) in CEB40.NEW.MACLIB, moved to MACLIB/CMECS
2025-04-04 10:28:23.035691 - Found CMFLUS.txt (text/plain) in CEB40.NEW.MACLIB, moved to MACLIB/CMFLUS
2025-04-04 10:28:23.035829 - Found CMINIT.txt (text/plain) in CEB40.NEW.MACLIB, moved to MACLIB/CMINIT
2025-04-04 10:28:23.035964 - Found CMRCV.txt (text/plain) in CEB40.NEW.MACLIB, moved to MACLIB/CMRCV
2025-04-04 10:28:23.036128 - Found CMSEND.txt (text/plain) in CEB40.NEW.MACLIB, moved to MACLIB/CMSEND
2025-04-04 10:28:23.036263 - Found CMSST.txt (text/plain) in CEB40.NEW.MACLIB, moved to MACLIB/CMSST
2025-04-04 10:28:23.036380 - Found CONTROL.txt (text/plain) in CEB40.NEW.MACLIB, moved to MACLIB/CONTROL
2025-04-04 10:28:23.036525 - Found DMFUNCT.txt (text/plain) in CEB40.NEW.MACLIB, moved to MACLIB/DMFUNCT
2025-04-04 10:28:23.036644 - Found GRECLEN.txt (text/plain) in CEB40.NEW.MACLIB, moved to MACLIB/GRECLEN
2025-04-04 10:28:23.036771 - Found HEADRTN.txt (text/plain) in CEB40.NEW.MACLIB, moved to MACLIB/HEADRTN
2025-04-04 10:28:23.036906 - Found HEX.txt (text/plain) in CEB40.NEW.MACLIB, moved to MACLIB/HEX
2025-04-04 10:28:23.037040 - Found ISP.txt (text/plain) in CEB40.NEW.MACLIB, moved to MACLIB/ISP
2025-04-04 10:28:23.037159 - Found ISPLOAD.txt (text/plain) in CEB40.NEW.MACLIB, moved to MACLIB/ISPLOAD
2025-04-04 10:28:23.037281 - Found REMPOP.txt (text/plain) in CEB40.NEW.MACLIB, moved to MACLIB/REMPOP
2025-04-04 10:28:23.037409 - Found SELECT.txt (text/plain) in CEB40.NEW.MACLIB, moved to MACLIB/SELECT
2025-04-04 10:28:23.037531 - Found SETMSG.txt (text/plain) in CEB40.NEW.MACLIB, moved to MACLIB/SETMSG
2025-04-04 10:28:23.037654 - Found TBADD.txt (text/plain) in CEB40.NEW.MACLIB, moved to MACLIB/TBADD
2025-04-04 10:28:23.037782 - Found TBCREATE.txt (text/plain) in CEB40.NEW.MACLIB, moved to MACLIB/TBCREATE
2025-04-04 10:28:23.037932 - Found TBDELETE.txt (text/plain) in CEB40.NEW.MACLIB, moved to MACLIB/TBDELETE
2025-04-04 10:28:23.038077 - Found TBDISPL.txt (text/plain) in CEB40.NEW.MACLIB, moved to MACLIB/TBDISPL
2025-04-04 10:28:23.038206 - Found TBDISPLV.txt (text/plain) in CEB40.NEW.MACLIB, moved to MACLIB/TBDISPLV
2025-04-04 10:28:23.038326 - Found TBEND.txt (text/plain) in CEB40.NEW.MACLIB, moved to MACLIB/TBEND
2025-04-04 10:28:23.038448 - Found TBGET.txt (text/plain) in CEB40.NEW.MACLIB, moved to MACLIB/TBGET
2025-04-04 10:28:23.038569 - Found TBPUT.txt (text/plain) in CEB40.NEW.MACLIB, moved to MACLIB/TBPUT
2025-04-04 10:28:23.038695 - Found TBQUERY.txt (text/plain) in CEB40.NEW.MACLIB, moved to MACLIB/TBQUERY
2025-04-04 10:28:23.038824 - Found TBSKIP.txt (text/plain) in CEB40.NEW.MACLIB, moved to MACLIB/TBSKIP
2025-04-04 10:28:23.038964 - Found TBSKIPSV.txt (text/plain) in CEB40.NEW.MACLIB, moved to MACLIB/TBSKIPSV
2025-04-04 10:28:23.039094 - Found TBSORT.txt (text/plain) in CEB40.NEW.MACLIB, moved to MACLIB/TBSORT
2025-04-04 10:28:23.039231 - Found TBTOP.txt (text/plain) in CEB40.NEW.MACLIB, moved to MACLIB/TBTOP
2025-04-04 10:28:23.039358 - Found VCOPY.txt (text/plain) in CEB40.NEW.MACLIB, moved to MACLIB/VCOPY
2025-04-04 10:28:23.039476 - Found VDEFINE.txt (text/plain) in CEB40.NEW.MACLIB, moved to MACLIB/VDEFINE
2025-04-04 10:28:23.039607 - Found VDELETE.txt (text/plain) in CEB40.NEW.MACLIB, moved to MACLIB/VDELETE
2025-04-04 10:28:23.039748 - Found VGET.txt (text/plain) in CEB40.NEW.MACLIB, moved to MACLIB/VGET
2025-04-04 10:28:23.039893 - Found VPUT.txt (text/plain) in CEB40.NEW.MACLIB, moved to MACLIB/VPUT
2025-04-04 10:28:23.040037 - Found VREPLACE.txt (text/plain) in CEB40.NEW.MACLIB, moved to MACLIB/VREPLACE
2025-04-04 10:28:23.040195 - Found VRESET.txt (text/plain) in CEB40.NEW.MACLIB, moved to MACLIB/VRESET
